// Jest Snapshot v1, https://goo.gl/fbAQLP

exports[`DetailsCard component rendering should match the snapshot 1`] = `"<div class=\\"DetailsCard\\"><div class=\\"col\\"><h2>Powerpuff Girls 1</h2><p>summary bla bla...</p></div><img src=\\"placeholder.png\\" alt=\\"Powerpuff Girls 1\\"/></div>"`;
